
Allocating common symbols
Common symbol       size              file

amount_of_ticks     0x10              kernel.o
new_esp             0x10              scheduler.o
irqs                0x10              kernel.o
My_Threads          0x410             scheduler.o
irq6_fired          0x10              kernel.o
floppy_drives       0x10              floppy.o

Memory Configuration

Name             Origin             Length             Attributes
*default*        0x00000000         0xffffffff

Linker script and memory map


.text           0x00100000     0x5000
                0x00100000                code=.
                0x00100000                _code=.
                0x00100000                __code=.
 *(.text)
 .text          0x00100000      0x7e0 kernel.o
                0x001002f0                k_main
                0x00100730                unmask_irq
                0x001005d0                k_clear_screen
                0x00100000                enable_ints
                0x00100780                mask_irq
                0x00100600                update_cursor
                0x00100660                remap_pics
                0x00100010                disable_ints
 .text          0x001007e0       0xc0 boiler.o
                0x001007e0                start
 .text          0x001008a0      0x510 mm.o
                0x00100b60                morecore
                0x00100da0                getpagesize
                0x00100930                kmorecore
                0x001008a0                virt_mem_inti
 .text          0x00100db0       0x88 kbd_isr.o
                0x00100db0                kbd_isr
 *fill*         0x00100e38        0x8
 .text          0x00100e40      0x2f0 k_printf.o
                0x00100e40                k_printf
                0x001010a0                ntostr
 .text          0x00101130      0x1a0 string.o
                0x001011f0                _strcat
                0x00101150                _memsetw
                0x00101230                _strcmp
                0x00101180                _memsetd
                0x001011a0                _memcpy
                0x00101130                _memsetb
                0x001011d0                _strlen
                0x00101290                _memcmp
 .text          0x001012d0      0x130 putchar.o
                0x001012d0                putc
 .text          0x00101400       0x3c rwRegs.o
                0x0010140f                read_cr3
                0x0010142b                enable_paging
                0x00101400                write_cr8
                0x00101400                read_cr4
                0x0010141e                read_cr2
                0x00101400                write_cr4
                0x00101422                read_cs
                0x00101400                read_cr8
                0x00101428                read_esp
                0x00101404                write_cr0
                0x00101413                write_cr3
                0x00101400                read_cr0
                0x00101425                read_ds
 *fill*         0x0010143c        0x4
 .text          0x00101440      0x220 real_time_clock.o
                0x00101640                sleep
                0x001015f0                get_time_int
                0x00101490                get_time_str
                0x00101440                real_time_clock_ISR
 .text          0x00101660       0x18 rtc.o
                0x0010166b                disable_rtc
                0x00101660                enable_rtc
 *fill*         0x00101678        0x8
 .text          0x00101680      0x5e0 floppy.o
                0x00101c40                irq6
                0x00101a50                inti_floppy
 .text          0x00101c60       0x50 tasks.o
                0x00101c60                task_1
                0x00101c90                task_2
 .text          0x00101cb0      0x140 TSS.o
                0x00101cb0                setup_up_tsses
                0x00101db0                int_31
 .text          0x00101df0       0x14 tss-management.o
                0x00101df0                write_ltr
                0x00101dfb                load_first_ltr
                0x00101e03                jmp_tss_1
 *fill*         0x00101e04        0xc
 .text          0x00101e10       0x60 mutex.o
                0x00101e60                unlock_mutex
                0x00101e10                lock_mutex_block
                0x00101e40                lock_mutex_noblock
 .text          0x00101e70       0x70 descriptor.o
                0x00101e70                make_descriptor
                0x00101eb0                make_tss_desc
 .text          0x00101ee0       0xc0 scheduler.o
                0x00101ee0                make_threads
                0x00101f10                scheduler
 .text          0x00101fa0       0xe0 mp.o
                0x00102010                is_mp_present
 .text          0x00102080      0x320 vga.o
                0x001021f0                SetModeMODE_X
                0x00102080                SetVidMode
                0x001022d0                setpalette256
                0x00102330                setpal
 .text          0x001023a0       0xe0 vga_utils.o
                0x001023a0                UnchainedClear
                0x00102400                _plot_pixel
 .text          0x00102480       0x30 ports.o
                0x00102480                outportb
                0x00102490                outportw
                0x001024a0                inportb
 .text          0x001024b0      0x4a0 exceptions.o
                0x00102920                panic
                0x001025f0                page_fault
                0x00102880                fault
 .text          0x00102950      0x28c exceptions_utils.o
                0x00102ae0                isr10
                0x00102a40                isr6
                0x00102950                isr0
                0x00102ab8                isr9
                0x00102a18                isr5
                0x00102978                isr1
                0x00102b08                isr11
                0x00102bb2                isr16
                0x001029a0                isr2
                0x00102b58                isr13
                0x001029f0                isr4
                0x001029c8                isr3
                0x00102a68                isr7
                0x00102b80                isr14
                0x00102b30                isr12
                0x00102a90                isr8
 *fill*         0x00102bdc        0x4
 .text          0x00102be0       0x40 rand.o
                0x00102c10                rseed
                0x00102be0                rand
 .text          0x00102c20       0x20 idt.o
                0x00102c20                modify_gate_address
 .text          0x00102c40       0x38 scheduler_utils.o
                0x00102c40                irq0
 *fill*         0x00102c78        0x8
 .text          0x00102c80      0x280 cpu.o
                0x00102da0                identify_cpu
 .text          0x00102f00       0xa0 threads.o
                0x00102f90                cool_down_thread
                0x00102f00                create_thread
 .text          0x00102fa0      0x100 vbe3.o
                0x00103030                FindPMEntryBlock
 .text          0x001030a0       0x60 phys_mm.o
                0x001030e0                pop_phys_mm
                0x001030a0                setup_phys_mm_stack
                0x001030c0                push_phys_mm
 .text          0x00103100     0x17a0 malloc.o
                0x00103aa0                free
                0x001047d0                mallopt
                0x00104670                malloc_usable_size
                0x001046b0                mallinfo
                0x001047c0                malloc_stats
                0x001042f0                independent_calloc
                0x001040f0                calloc
                0x00104600                pvalloc
                0x001042e0                cfree
                0x00103cc0                realloc
                0x00103f80                memalign
                0x00103560                malloc
                0x00104320                independent_comalloc
                0x001045c0                valloc
                0x00104650                malloc_trim
 .text          0x001048a0       0xa0 udi\blah.o
                0x00104930                test
 *fill*         0x00104940      0x6c0
                0x00105000                .=ALIGN(0x1000)

.data           0x00105000     0x1000
                0x00105000                data=.
                0x00105000                _data=.
                0x00105000                __data=.
 *(.data)
 .data          0x00105000       0x10 kernel.o
                0x00105000                vidmem
 .data          0x00105010      0x358 boiler.o
 *fill*         0x00105368        0x8
 .data          0x00105370       0x10 mm.o
                0x00105370                mm_p
 .data          0x00105380      0x258 kbd_isr.o
 *fill*         0x001055d8        0x8
 .data          0x001055e0       0x10 putchar.o
                0x001055e4                _csr_x
                0x001055e0                vidmem2
                0x001055ec                putc_mutex
                0x001055e8                _csr_y
 .data          0x001055f0       0x60 floppy.o
                0x001055f0                floppy_num_command_bytes
                0x00105610                floppy_errors
                0x00105600                floppy_num_status_bytes
 .data          0x00105650       0x10 TSS.o
                0x00105650                our_tsses
 .data          0x00105660       0x10 scheduler.o
                0x00105661                i
                0x00105660                scheduler_mutex
                0x00105662                first_time
 .data          0x00105670      0x340 vga.o
                0x001056b0                Pal
                0x00105670                modeC4
 .data          0x001059b0       0x60 exceptions.o
                0x001059b0                exception_types
 .data          0x00105a10       0x10 idt.o
                0x00105a10                idt_ptr
 .data          0x00105a20       0x10 threads.o
                0x00105a20                __total_num_threads
 *fill*         0x00105a30      0x5d0
                0x00106000                .=ALIGN(0x1000)

.bss            0x00106000     0x1000
                0x00106000                bss=.
                0x00106000                _bss=.
                0x00106000                __bss=.
 *(.bss)
 .bss           0x00106000      0x400 boiler.o
                0x00106400                stack
 .bss           0x00106400       0x10 rand.o
 .bss           0x00106410      0x380 malloc.o
 *(COMMON)
 COMMON         0x00106790       0x30 kernel.o
                                  0x0 (size before relaxing)
                0x00106790                amount_of_ticks
                0x001067a0                irqs
                0x001067b0                irq6_fired
 COMMON         0x001067c0       0x10 floppy.o
                                  0x0 (size before relaxing)
                0x001067c0                floppy_drives
 COMMON         0x001067d0      0x420 scheduler.o
                                  0x0 (size before relaxing)
                0x001067d0                new_esp
                0x001067e0                My_Threads
 *fill*         0x00106bf0      0x410
                0x00107000                .=ALIGN(0x1000)
                0x00107000                end=.
                0x00107000                _end=.
                0x00107000                __end=.
LOAD kernel.o
LOAD boiler.o
LOAD mm.o
LOAD kbd_isr.o
LOAD k_printf.o
LOAD string.o
LOAD putchar.o
LOAD rwRegs.o
LOAD real_time_clock.o
LOAD rtc.o
LOAD floppy.o
LOAD tasks.o
LOAD TSS.o
LOAD tss-management.o
LOAD mutex.o
LOAD descriptor.o
LOAD scheduler.o
LOAD mp.o
LOAD vga.o
LOAD vga_utils.o
LOAD ports.o
LOAD exceptions.o
LOAD exceptions_utils.o
LOAD rand.o
LOAD idt.o
LOAD scheduler_utils.o
LOAD cpu.o
LOAD threads.o
LOAD processes.o
LOAD vbe3.o
LOAD phys_mm.o
LOAD malloc.o
LOAD udi\blah.o
OUTPUT(kernel.bin coff-go32)

.comment        0x00107000      0x208
 .comment       0x00107000       0x14 kernel.o
 .comment       0x00107014       0x14 mm.o
 .comment       0x00107028       0x14 k_printf.o
 .comment       0x0010703c       0x14 string.o
 .comment       0x00107050       0x14 putchar.o
 .comment       0x00107064       0x14 real_time_clock.o
 .comment       0x00107078       0x14 floppy.o
 .comment       0x0010708c       0x14 tasks.o
 .comment       0x001070a0       0x14 TSS.o
 .comment       0x001070b4       0x14 mutex.o
 .comment       0x001070c8       0x14 descriptor.o
 .comment       0x001070dc       0x14 scheduler.o
 .comment       0x001070f0       0x14 mp.o
 .comment       0x00107104       0x14 vga.o
 .comment       0x00107118       0x14 vga_utils.o
 .comment       0x0010712c       0x14 ports.o
 .comment       0x00107140       0x14 exceptions.o
 .comment       0x00107154       0x14 rand.o
 .comment       0x00107168       0x14 idt.o
 .comment       0x0010717c       0x14 cpu.o
 .comment       0x00107190       0x14 threads.o
 .comment       0x001071a4       0x14 processes.o
 .comment       0x001071b8       0x14 vbe3.o
 .comment       0x001071cc       0x14 phys_mm.o
 .comment       0x001071e0       0x14 malloc.o
 .comment       0x001071f4       0x14 udi\blah.o
